// Vitest Snapshot v1, https://vitest.dev/guide/snapshot.html

exports[`CookieSettingsButton > should render as  expected 1`] = `
<div>
  <button
    aria-haspopup="dialog"
    aria-label="Cookie settings button"
    class="group fixed left-2 bottom-2 z-modal h-8 max-w-8 hover:max-w-xs p-2 flex items-center overflow-hidden bg-muted rounded-full shadow-md cursor-pointer transition-all duration-300 ease-in-out"
    type="button"
  >
    <svg
      class="lucide lucide-cookie text-muted-foreground group-hover:text-foreground size-4 flex-shrink-0 ml-[1px]"
      fill="none"
      height="24"
      stroke="currentColor"
      stroke-linecap="round"
      stroke-linejoin="round"
      stroke-width="2"
      viewBox="0 0 24 24"
      width="24"
      xmlns="http://www.w3.org/2000/svg"
    >
      <path
        d="M12 2a10 10 0 1 0 10 10 4 4 0 0 1-5-5 4 4 0 0 1-5-5"
      />
      <path
        d="M8.5 8.5v.01"
      />
      <path
        d="M16 15.5v.01"
      />
      <path
        d="M12 12v.01"
      />
      <path
        d="M11 17v.01"
      />
      <path
        d="M7 14v.01"
      />
    </svg>
    <div
      class="whitespace-nowrap transition-all duration-300 ease-in-out max-w-0 group-hover:max-w-xs group-hover:text-foreground text-xs font-medium px-2"
    >
      Cookie Settings
    </div>
  </button>
</div>
`;
